specxy@siemserver:~$ sudo apt install kibana                                                                                                                                                                                                 [sudo] password for specxy:                                                                                                                                                                                                                  Reading package lists... Done                                                                                                                                                                                                                Building dependency tree... Done                                                                                                                                                                                                             Reading state information... Done                                                                                                                                                                                                            The following NEW packages will be installed:                                                                                                                                                                                                  kibana                                                                                                                                                                                                                                     0 upgraded, 1 newly installed, 0 to remove and 0 not upgraded.                                                                                                                                                                               Need to get 383 MB of archives.                                                                                                                                                                                                              After this operation, 1,156 MB of additional disk space will be used.                                                                                                                                                                        Get:1 https://artifacts.elastic.co/packages/8.x/apt stable/main amd64 kibana amd64 8.19.2 [383 MB]                                                                                                                                           Fetched 383 MB in 2min 3s (3,119 kB/s)                                                                                                                                                                                                       Selecting previously unselected package kibana.                                                                                                                                                                                              (Reading database ... 103988 files and directories currently installed.)                                                                                                                                                                     Preparing to unpack .../kibana_8.19.2_amd64.deb ...                                                                                                                                                                                          Unpacking kibana (8.19.2) ...                                                                                                                                                                                                                Setting up kibana (8.19.2) ...                                                                                                                                                                                                               Creating kibana group... OK                                                                                                                                                                                                                  Creating kibana user... OK                                                                                                                                                                                                                   Kibana is currently running with legacy OpenSSL providers enabled! For details and instructions on how to disable see https://www.elastic.co/guide/en/kibana/8.19/production.html#openssl-legacy-provider                                    Created Kibana keystore in /etc/kibana/kibana.keystore                                                                                                                                                                                       Scanning processes...                                                                                                                                                                                                                        Scanning linux images...                                                                                                                                                                                                                                                                                                                                                                                                                                                                  Running kernel seems to be up-to-date.                                                                                                                                                                                                                                                                                                                                                                                                                                                    No services need to be restarted.                                                                                                                                                                                                                                                                                                                                                                                                                                                         No containers need to be restarted.                                                                                                                                                                                                                                                                                                                                                                                                                                                       No user sessions are running outdated binaries.                                                                                                                                                                                                                                                                                                                                                                                                                                           No VM guests are running outdated hypervisor (qemu) binaries on this host.                                                                                                                                                                   specxy@siemserver:~$                                                                                                                                                                                                                         specxy@siemserver:~$                                                                                                                                                                                                                         specxy@siemserver:~$                                                                                                                                                                                                                         specxy@siemserver:~$ sudo nano /etc/kibana/kibana.yml                                                                                                                                                                                        specxy@siemserver:~$ sudo systemctl enable kibana                                                                                                                                                                                            Created symlink /etc/systemd/system/multi-user.target.wants/kibana.service → /usr/lib/systemd/system/kibana.service.                                                                                                                         specxy@siemserver:~$ sudo systemctl start kibana                                                                                                                                                                                             specxy@siemserver:~$ sudo systemctl status kibana                                                                                                                                                                                            ● kibana.service - Kibana                                                                                                                                                                                                                         Loaded: loaded (/usr/lib/systemd/system/kibana.service; enabled; preset: enabled)                                                                                                                                                            Active: active (running) since Mon 2025-08-25 05:31:52 UTC; 7s ago                                                                                                                                                                             Docs: https://www.elastic.co                                                                                                                                                                                                             Main PID: 3314 (node)                                                                                                                                                                                                                           Tasks: 11 (limit: 4548)                                                                                                                                                                                                                     Memory: 322.6M (peak: 322.8M)                                                                                                                                                                                                                   CPU: 7.522s                                                                                                                                                                                                                               CGroup: /system.slice/kibana.service                                                                                                                                                                                                                 └─3314 /usr/share/kibana/bin/../node/glibc-217/bin/node /usr/share/kibana/bin/../src/cli/dist                                                                                                                                                                                                                                                                                                                                                                                Aug 25 05:31:52 siemserver systemd[1]: Started kibana.service - Kibana.                                                                                                                                                                      Aug 25 05:31:52 siemserver kibana[3314]: Kibana is currently running with legacy OpenSSL providers enabled! For details and instructions on how to disable see https://www.elastic.co/guide/en/kibana/8.19/production.html#openssl-legacy-pr>Aug 25 05:31:53 siemserver kibana[3314]: {"log.level":"info","@timestamp":"2025-08-25T05:31:53.601Z","log.logger":"elastic-apm-node","ecs.version":"8.10.0","agentVersion":"4.13.0","env":{"pid":3314,"proctitle":"/usr/share/kibana/bin/../>Aug 25 05:31:53 siemserver kibana[3314]: Native global console methods have been overridden in production environment.                                                                                                                       Aug 25 05:31:55 siemserver kibana[3314]: [2025-08-25T05:31:55.383+00:00][INFO ][root] Kibana is starting                                                                                                                                     Aug 25 05:31:55 siemserver kibana[3314]: [2025-08-25T05:31:55.438+00:00][INFO ][node] Kibana process configured with roles: [background_tasks, ui]                                                                                            
specxy@siemserver:~$ sudo nano /etc/hosts                                                                                                                                                                                                    specxy@siemserver:~$ sudo /usr/share/elasticsearch/bin/elasticsearch-reset-password -u elastic --url https://siemserver:9200                                                                                                                 This tool will reset the password of the [elastic] user to an autogenerated value.                                                                                                                                                           The password will be printed in the console.                                                                                                                                                                                                 Please confirm that you would like to continue [y/N]y                                                                                                                                                                                                                                                                                                                                                                                                                                                                                                                                                                                                                                                                                  Password for the [elastic] user successfully reset.                                                                                                                                                                                          New value: reQQQM4VRDecK9eCzE_9 
specxy@siemserver:~$ sudo /usr/share/elasticsearch/bin/elasticsearch-reset-password -u elastic --url https://127.0.0.1:9200
This tool will reset the password of the [elastic] user to an autogenerated value.
The password will be printed in the console.
Please confirm that you would like to continue [y/N]y


Password for the [elastic] user successfully reset.
New value: Q-UkXVjXkLcm910RQ=ON
specxy@siemserver:~$ curl --cacert /etc/elasticsearch/certs/http_ca.crt -u elastic:Q-UkXVjXkLcm910RQ=ON  "https://192.168.1.102:9200"
curl: (77) error setting certificate file: /etc/elasticsearch/certs/http_ca.crt
specxy@siemserver:~$ curl --cacert /etc/elasticsearch/certs/http_ca.crt -u elastic:Q-UkXVjXkLcm910RQ=ON  "https://192.168.1.10:9200"
curl: (7) Failed to connect to 192.168.1.10 port 9200 after 3090 ms: Couldn't connect to server
specxy@siemserver:~$ sudo curl --cacert /etc/elasticsearch/certs/http_ca.crt -u elastic:Q-UkXVjXkLcm910RQ=ON  "https://192.168.1.102:9200"
curl: (60) SSL: no alternative certificate subject name matches target host name '192.168.1.102'
More details here: https://curl.se/docs/sslcerts.html

curl failed to verify the legitimacy of the server and therefore could not
establish a secure connection to it. To learn more about this situation and
how to fix it, please visit the web page mentioned above.
specxy@siemserver:~$
specxy@siemserver:~$
specxy@siemserver:~$ sudo /usr/share/elasticsearch/bin/elasticsearch-create-enrollment-token -s kibana
[sudo] password for specxy:
08:02:46.910 [main] WARN  org.elasticsearch.common.ssl.DiagnosticTrustManager - failed to establish trust with server at [192.168.1.102]; the server provided a certificate with subject name [CN=siemserver], fingerprint [95792f5a4d603ffc963392b2a3d6a5803c4905d9], keyUsage [digitalSignature, keyEncipherment] and extendedKeyUsage [serverAuth]; the certificate is valid between [2025-08-23T16:30:43Z] and [2027-08-23T16:30:43Z] (current time is [2025-08-25T08:02:46.906626631Z], certificate dates are valid); the session uses cipher suite [TLS_AES_256_GCM_SHA384] and protocol [TLSv1.3]; the certificate has subject alternative names [IP:fe80:0:0:0:20c:29ff:fe00:ab1f,IP:192.168.1.101,IP:0:0:0:0:0:0:0:1,IP:127.0.0.1,DNS:localhost,DNS:siemserver]; the certificate is issued by [CN=Elasticsearch security auto-configuration HTTP CA]; the certificate is signed by (subject [CN=Elasticsearch security auto-configuration HTTP CA] fingerprint [2a24a66f78d0f7a1e130242be4baee7d287617d8] {trusted issuer}) which is self-issued; the [CN=Elasticsearch security auto-configuration HTTP CA] certificate is trusted in this ssl context ([xpack.security.http.ssl (with trust configuration: Composite-Trust{JDK-trusted-certs,StoreTrustConfig{path=certs/http.p12, password=<non-empty>, type=PKCS12, algorithm=PKIX}})])
java.security.cert.CertificateException: No subject alternative names matching IP address 192.168.1.102 found
        at sun.security.util.HostnameChecker.matchIP(HostnameChecker.java:160) ~[?:?]
        at sun.security.util.HostnameChecker.match(HostnameChecker.java:101) ~[?:?]
        at sun.security.ssl.X509TrustManagerImpl.checkIdentity(X509TrustManagerImpl.java:466) ~[?:?]
        at sun.security.ssl.X509TrustManagerImpl.checkIdentity(X509TrustManagerImpl.java:432) ~[?:?]
        at sun.security.ssl.X509TrustManagerImpl.checkTrusted(X509TrustManagerImpl.java:237) ~[?:?]
        at sun.security.ssl.X509TrustManagerImpl.checkServerTrusted(X509TrustManagerImpl.java:132) ~[?:?]
        at org.elasticsearch.common.ssl.DiagnosticTrustManager.checkServerTrusted(DiagnosticTrustManager.java:81) ~[?:?]
        at sun.security.ssl.CertificateMessage$T13CertificateConsumer.checkServerCerts(CertificateMessage.java:1310) ~[?:?]
        at sun.security.ssl.CertificateMessage$T13CertificateConsumer.onConsumeCertificate(CertificateMessage.java:1203) ~[?:?]
        at sun.security.ssl.CertificateMessage$T13CertificateConsumer.consume(CertificateMessage.java:1146) ~[?:?]
        at sun.security.ssl.SSLHandshake.consume(SSLHandshake.java:393) ~[?:?]
        at sun.security.ssl.HandshakeContext.dispatch(HandshakeContext.java:476) ~[?:?]
        at sun.security.ssl.HandshakeContext.dispatch(HandshakeContext.java:447) ~[?:?]
        at sun.security.ssl.TransportContext.dispatch(TransportContext.java:199) ~[?:?]
        at sun.security.ssl.SSLTransport.decode(SSLTransport.java:172) ~[?:?]
        at sun.security.ssl.SSLSocketImpl.decode(SSLSocketImpl.java:1506) ~[?:?]
        at sun.security.ssl.SSLSocketImpl.readHandshakeRecord(SSLSocketImpl.java:1421) ~[?:?]
        at sun.security.ssl.SSLSocketImpl.startHandshake(SSLSocketImpl.java:455) ~[?:?]
        at sun.security.ssl.SSLSocketImpl.startHandshake(SSLSocketImpl.java:426) ~[?:?]
        at sun.net.www.protocol.https.HttpsClient.afterConnect(HttpsClient.java:482) ~[?:?]
        at sun.net.www.protocol.https.AbstractDelegateHttpsURLConnection.connect(AbstractDelegateHttpsURLConnection.java:187) ~[?:?]
        at sun.net.www.protocol.https.HttpsURLConnectionImpl.connect(HttpsURLConnectionImpl.java:141) ~[?:?]
        at org.elasticsearch.xpack.core.common.socket.SocketAccess.lambda$doPrivileged$0(SocketAccess.java:42) ~[?:?]
        at java.security.AccessController.doPrivileged(AccessController.java:251) ~[?:?]
        at org.elasticsearch.xpack.core.common.socket.SocketAccess.doPrivileged(SocketAccess.java:41) ~[?:?]
        at org.elasticsearch.xpack.core.security.CommandLineHttpClient.execute(CommandLineHttpClient.java:178) ~[?:?]
        at org.elasticsearch.xpack.core.security.CommandLineHttpClient.execute(CommandLineHttpClient.java:112) ~[?:?]
        at org.elasticsearch.xpack.security.tool.BaseRunAsSuperuserCommand.checkClusterHealthWithRetries(BaseRunAsSuperuserCommand.java:214) ~[?:?]
        at org.elasticsearch.xpack.security.tool.BaseRunAsSuperuserCommand.execute(BaseRunAsSuperuserCommand.java:127) ~[?:?]
        at org.elasticsearch.common.cli.EnvironmentAwareCommand.execute(EnvironmentAwareCommand.java:55) ~[elasticsearch-8.19.2.jar:8.19.2]
        at org.elasticsearch.cli.Command.mainWithoutErrorHandling(Command.java:101) ~[elasticsearch-cli-8.19.2.jar:8.19.2]
        at org.elasticsearch.cli.Command.main(Command.java:54) ~[elasticsearch-cli-8.19.2.jar:8.19.2]
        at org.elasticsearch.launcher.CliToolLauncher.main(CliToolLauncher.java:65) ~[cli-launcher-8.19.2.jar:8.19.2]

ERROR: Failed to determine the health of the cluster., with exit code 69
specxy@siemserver:~$ sudo systemctl status kibana
● kibana.service - Kibana
     Loaded: loaded (/usr/lib/systemd/system/kibana.service; enabled; preset: enabled)
     Active: active (running) since Mon 2025-08-25 05:31:52 UTC; 2h 31min ago
       Docs: https://www.elastic.co
   Main PID: 3314 (node)
      Tasks: 11 (limit: 4548)
     Memory: 347.0M (peak: 448.2M)
        CPU: 30.345s
     CGroup: /system.slice/kibana.service
             └─3314 /usr/share/kibana/bin/../node/glibc-217/bin/node /usr/share/kibana/bin/../src/cli/dist

Aug 25 05:31:53 siemserver kibana[3314]: Native global console methods have been overridden in production environment.
Aug 25 05:31:55 siemserver kibana[3314]: [2025-08-25T05:31:55.383+00:00][INFO ][root] Kibana is starting
Aug 25 05:31:55 siemserver kibana[3314]: [2025-08-25T05:31:55.438+00:00][INFO ][node] Kibana process configured with roles: [background_tasks, ui]
Aug 25 05:32:03 siemserver kibana[3314]: [2025-08-25T05:32:03.627+00:00][INFO ][plugins-service] The following plugins are disabled: "cloudChat,cloudExperiments,cloudFullStory,dataUsage,profilingDataAccess,profiling,searchHomepage,searc>
Aug 25 05:32:03 siemserver kibana[3314]: [2025-08-25T05:32:03.689+00:00][INFO ][http.server.Preboot] http server running at http://0.0.0.0:5601
Aug 25 05:32:03 siemserver kibana[3314]: [2025-08-25T05:32:03.856+00:00][INFO ][plugins-system.preboot] Setting up [1] plugins: [interactiveSetup]
Aug 25 05:32:03 siemserver kibana[3314]: [2025-08-25T05:32:03.877+00:00][INFO ][preboot] "interactiveSetup" plugin is holding setup: Validating Elasticsearch connection configuration…
Aug 25 05:32:03 siemserver kibana[3314]: [2025-08-25T05:32:03.892+00:00][INFO ][root] Holding setup until preboot stage is completed.
Aug 25 05:32:10 siemserver kibana[3314]: i Kibana has not been configured.
Aug 25 05:32:10 siemserver kibana[3314]: Go to http://0.0.0.0:5601/?code=401206 to get started.
lines 1-21/21 (END)
specxy@siemserver:~$ sudo /usr/share/elasticsearch/bin/elasticsearch-create-enrollment-token -s kibana --url https://127.0.0.1:9200
eyJ2ZXIiOiI4LjE0LjAiLCJhZHIiOlsiMTkyLjE2OC4xLjEwMjo5MjAwIl0sImZnciI6IjQ4Zjk1MzFhZDNjZWY0NDg2MTc3ZjY1ZGIxYWQ5NDRjMWZlNzkwZGNmZTc2Njc4MWYxMjMyNWY4ZDNkY2JiYTciLCJrZXkiOiJ3MVpFNEpnQm1JNkdyeml0LTVCQTo0TzNCS08td21qT1pIcmZVaXFpYU5RIn0=
specxy@siemserver:~$ sudo /usr/share/kibana/bin/kibana-setup --enrollment-token eyJ2ZXIiOiI4LjE0LjAiLCJhZHIiOlsiMTkyLjE2OC4xLjEwMjo5MjAwIl0sImZnciI6IjQ4Zjk1MzFhZDNjZWY0NDg2MTc3ZjY1ZGIxYWQ5NDRjMWZlNzkwZGNmZTc2Njc4MWYxMjMyNWY4ZDNkY2JiYTciLCJrZXkiOiJ3MVpFNEpnQm1JNkdyeml0LTVCQTo0TzNCS08td21qT1pIcmZVaXFpYU5RIn0=
Native global console methods have been overridden in production environment.

✖ Unable to connect to Elasticsearch with the provided enrollment token: Hostname/IP does not match certificate's altnames: IP: 192.168.1.102 is not in the cert's list: fe80::20c:29ff:fe00:ab1f, 192.168.1.101, ::1, 127.0.0.1

To generate a new enrollment token run:
  bin/elasticsearch-create-enrollment-token -s kibana
specxy@siemserver:~$ sudo nano /etc/hosts
specxy@siemserver:~$ specxy@siemserver:~$ sudo /usr/share/elasticsearch/bin/elasticsearch-create-enrollment-token -s kibana --url https://127.0.0.1:9200
eyJ2ZXIiOiI4LjE0LjAiLCJhZHIiOlsiMTkyLjE2OC4xLjEwMjo5MjAwIl0sImZnciI6IjQ4Zjk1MzFhZDNjZWY0NDg2MTc3ZjY1ZGIxYWQ5NDRjMWZlNzkwZGNmZTc2Njc4MWYxMjMyNWY4ZDNkY2JiYTciLCJrZXkiOiJ4VlpSNEpnQm1JNkdyeml0dTVDNTpZY000M3VCSmg2ejB2d0ctNXhXTC1BIn0=
specxy@siemserver:~$ sudo /usr/share/kibana/bin/kibana-setup --enrollment-token eyJ2ZXIiOiI4LjE0LjAiLCJhZHIiOlsiMTkyLjE2OC4xLjEwMjo5MjAwIl0sImZnciI6IjQ4Zjk1MzFhZDNjZWY0NDg2MTc3ZjY1ZGIxYWQ5NDRjMWZlNzkwZGNmZTc2Njc4MWYxMjMyNWY4ZDNkY2JiYTciLCJrZXkiOiJ4VlpSNEpnQm1JNkdyeml0dTVDNTpZY000M3VCSmg2ejB2d0ctNXhXTC1BIn0= --url https://siemserver:9200
Native global console methods have been overridden in production environment.
error: unknown option '--url'
specxy@siemserver:~$ sudo /usr/share/elasticsearch/bin/elasticsearch-create-enrollment-token -s kibana --url https://127.0.0.1:9200
eyJ2ZXIiOiI4LjE0LjAiLCJhZHIiOlsiMTkyLjE2OC4xLjEwMjo5MjAwIl0sImZnciI6IjQ4Zjk1MzFhZDNjZWY0NDg2MTc3ZjY1ZGIxYWQ5NDRjMWZlNzkwZGNmZTc2Njc4MWYxMjMyNWY4ZDNkY2JiYTciLCJrZXkiOiJ4MVpUNEpnQm1JNkdyeml0ZjVEXzpmTTNLRHdEQVlVYXhFWm1Vc0RvRTZnIn0=
specxy@siemserver:~$ sudo /usr/share/kibana/bin/kibana-setup \
    --enrollment-token eyJ2ZXIiOiI4LjE0LjAiLCJhZHIiOlsiMTkyLjE2OC4xLjEwMjo5MjAwIl0sImZnciI6IjQ4Zjk1MzFhZDNjZWY0NDg2MTc3ZjY1ZGIxYWQ5NDRjMWZlNzkwZGNmZTc2Njc4MWYxMjMyNWY4ZDNkY2JiYTciLCJrZXkiOiJ4MVpUNEpnQm1JNkdyeml0ZjVEXzpmTTNLRHdEQVlVYXhFWm1Vc0RvRTZnIn0= \
    --url https://127.0.0.1:9200
Native global console methods have been overridden in production environment.
error: unknown option '--url'
specxy@siemserver:~$ sudo systemctl stop elasticsearch
specxy@siemserver:~$ sudo systemctl status elasticsearch
○ elasticsearch.service - Elasticsearch
     Loaded: loaded (/usr/lib/systemd/system/elasticsearch.service; enabled; preset: enabled)
     Active: inactive (dead) since Mon 2025-08-25 08:35:54 UTC; 8s ago
   Duration: 4h 3min 37.183s
       Docs: https://www.elastic.co
    Process: 2713 ExecStart=/usr/share/elasticsearch/bin/systemd-entrypoint -p ${PID_DIR}/elasticsearch.pid --quiet (code=exited, status=143)
   Main PID: 2713 (code=exited, status=143)
        CPU: 5min 59.174s

Aug 25 04:31:57 siemserver systemd[1]: Starting elasticsearch.service - Elasticsearch...
Aug 25 04:32:17 siemserver systemd[1]: Started elasticsearch.service - Elasticsearch.
Aug 25 08:35:54 siemserver systemd[1]: Stopping elasticsearch.service - Elasticsearch...
Aug 25 08:35:54 siemserver systemd[1]: elasticsearch.service: Deactivated successfully.
Aug 25 08:35:54 siemserver systemd[1]: Stopped elasticsearch.service - Elasticsearch.
Aug 25 08:35:54 siemserver systemd[1]: elasticsearch.service: Consumed 5min 59.174s CPU time, 2.3G memory peak, 201.5M memory swap peak.
specxy@siemserver:~$ ^C
specxy@siemserver:~$
specxy@siemserver:~$ sudo /usr/share/elasticsearch/bin/elasticsearch-create-enrollment-token -s kibana --url https://siemserver:9200                                                                                                         eyJ2ZXIiOiI4LjE0LjAiLCJhZHIiOlsiMTkyLjE2OC4yNDIuMTI4OjkyMDAiXSwiZmdyIjoiNDhmOTUzMWFkM2NlZjQ0ODYxNzdmNjVkYjFhZDk0NGMxZmU3OTBkY2ZlNzY2NzgxZjEyMzI1ZjhkM2RjYmJhNyIsImtleSI6IlB3LUc1SmdCOVhGRkhEU3U4NVE2Ojh2MUFDVXRIU1V2WFhFZklDdDhCVHcifQ==     specxy@siemserver:~$ sudo /usr/share/kibana/bin/kibana-setup --enrollment-token eyJ2ZXIiOiI4LjE0LjAiLCJhZHIiOlsiMTkyLjE2OC4yNDIuMTI4OjkyMDAiXSwiZmdyIjoiNDhmOTUzMWFkM2NlZjQ0ODYxNzdmNjVkYjFhZDk0NGMxZmU3OTBkY2ZlNzY2NzgxZjEyMzI1ZjhkM2RjYmJhNyIsImtleSI6IlB3LUc1SmdCOVhGRkhEU3U4NVE2Ojh2MUFDVXRIU1V2WFhFZklDdDhCVHcifQ== --url https://siemserver:9200                                                                                                                                    [sudo] password for specxy:                                                                                                                                                                                                                  Native global console methods have been overridden in production environment.                                                                                                                                                                error: unknown option '--url'                                                                                                                                                                                                                specxy@siemserver:~$ sudo /usr/share/kibana/bin/kibana-setup --enrollment-token eyJ2ZXIiOiI4LjE0LjAiLCJhZHIiOlsiMTkyLjE2OC4yNDIuMTI4OjkyMDAiXSwiZmdyIjoiNDhmOTUzMWFkM2NlZjQ0ODYxNzdmNjVkYjFhZDk0NGMxZmU3OTBkY2ZlNzY2NzgxZjEyMzI1ZjhkM2RjYmJhNyIsImtleSI6IlB3LUc1SmdCOVhGRkhEU3U4NVE2Ojh2MUFDVXRIU1V2WFhFZklDdDhCVHcifQ==                                                                                                                                                                  Native global console methods have been overridden in production environment.                                                                                                                                                                                                                                                                                                                                                                                                             ✖ Unable to connect to Elasticsearch with the provided enrollment token: {"error":{"root_cause":[{"type":"security_exception","reason":"unable to authenticate with provided credentials and anonymous access is not allowed for this request","additional_unsuccessful_credentials":"API key: api key is expired","header":{"WWW-Authenticate":["Basic realm=\"security\", charset=\"UTF-8\"","Bearer realm=\"security\"","ApiKey"]}}],"type":"security_exception","reason":"unable to authenticate with provided credentials and anonymous access is not allowed for this request","additional_unsuccessful_credentials":"API key: api key is expired","header":{"WWW-Authenticate":["Basic realm=\"security\", charset=\"UTF-8\"","Bearer realm=\"security\"","ApiKey"]}},"status":401}                                                                                                                                                                                                                                                                                                                                                                                                                                       To generate a new enrollment token run:                                                                                                                                                                                                        bin/elasticsearch-create-enrollment-token -s kibana                                                                                                                                                                                        specxy@siemserver:~$ sudo /usr/share/elasticsearch/bin/elasticsearch-create-enrollment-token -s kibana --url https://siemserver:9200                                                                                                         eyJ2ZXIiOiI4LjE0LjAiLCJhZHIiOlsiMTkyLjE2OC4yNDIuMTI4OjkyMDAiXSwiZmdyIjoiNDhmOTUzMWFkM2NlZjQ0ODYxNzdmNjVkYjFhZDk0NGMxZmU3OTBkY2ZlNzY2NzgxZjEyMzI1ZjhkM2RjYmJhNyIsImtleSI6IlFRLXI1SmdCOVhGRkhEU3UxNVRvOjdSQkVJSlVveFlyUFVmUkxGQ0lRWncifQ==     specxy@siemserver:~$ sudo /usr/share/kibana/bin/kibana-setup --enrollment-token eyJ2ZXIiOiI4LjE0LjAiLCJhZHIiOlsiMTkyLjE2OC4yNDIuMTI4OjkyMDAiXSwiZmdyIjoiNDhmOTUzMWFkM2NlZjQ0ODYxNzdmNjVkYjFhZDk0NGMxZmU3OTBkY2ZlNzY2NzgxZjEyMzI1ZjhkM2RjYmJhNyIsImtleSI6IlFRLXI1SmdCOVhGRkhEU3UxNVRvOjdSQkVJSlVveFlyUFVmUkxGQ0lRWncifQ==                                                                                                                                                                  Native global console methods have been overridden in production environment.                                                                                                                                                                                                                                                                                                                                                                                                             ✖ Unable to connect to Elasticsearch with the provided enrollment token: Hostname/IP does not match certificate's altnames: IP: 192.168.242.128 is not in the cert's list: fe80::20c:29ff:fe00:ab1f, 192.168.1.101, ::1, 127.0.0.1                                                                                                                                                                                                                                                        To generate a new enrollment token run:                                                                                                                                                                                                        bin/elasticsearch-create-enrollment-token -s kibana                                                                                                                                                                                        specxy@siemserver:~$ 
specxy@siemserver:~$ ls /etc/netplan/
50-cloud-init.yaml
specxy@siemserver:~$ sudo nano /etc/netplan/50-cloud-init.yaml
specxy@siemserver:~$ sudo netplan apply

** (generate:3602): WARNING **: 06:26:19.774: `gateway4` has been deprecated, use default routes instead.
See the 'Default routes' section of the documentation for more details.

** (process:3600): WARNING **: 06:26:20.211: `gateway4` has been deprecated, use default routes instead.
See the 'Default routes' section of the documentation for more details.

** (process:3600): WARNING **: 06:26:20.359: `gateway4` has been deprecated, use default routes instead.
See the 'Default routes' section of the documentation for more details.
client_loop: send disconnect: Connection reset
specxy@siemserver:~$ sudo systemctl status kibana.service                                                                                                                                                                                    ● kibana.service - Kibana                                                                                                                                                                                                                         Loaded: loaded (/usr/lib/systemd/system/kibana.service; enabled; preset: enabled)                                                                                                                                                            Active: active (running) since Tue 2025-08-26 07:15:03 UTC; 11s ago                                                                                                                                                                            Docs: https://www.elastic.co                                                                                                                                                                                                             Main PID: 4276 (node)                                                                                                                                                                                                                           Tasks: 11 (limit: 7564)                                                                                                                                                                                                                     Memory: 426.0M (peak: 427.0M)                                                                                                                                                                                                                   CPU: 8.828s                                                                                                                                                                                                                               CGroup: /system.slice/kibana.service                                                                                                                                                                                                                 └─4276 /usr/share/kibana/bin/../node/glibc-217/bin/node /usr/share/kibana/bin/../src/cli/dist                                                                                                                                                                                                                                                                                                                                                                                Aug 26 07:15:03 siemserver kibana[4276]: Kibana is currently running with legacy OpenSSL providers enabled! For details and instructions on how to disable see https://www.elastic.co/guide/en/kibana/8.19/production.html#openssl-legacy-pr>Aug 26 07:15:04 siemserver kibana[4276]: {"log.level":"info","@timestamp":"2025-08-26T07:15:04.513Z","log.logger":"elastic-apm-node","ecs.version":"8.10.0","agentVersion":"4.13.0","env":{"pid":4276,"proctitle":"/usr/share/kibana/bin/../>Aug 26 07:15:04 siemserver kibana[4276]: Native global console methods have been overridden in production environment.                                                                                                                       Aug 26 07:15:05 siemserver kibana[4276]: [2025-08-26T07:15:05.532+00:00][INFO ][root] Kibana is starting                                                                                                                                     Aug 26 07:15:05 siemserver kibana[4276]: [2025-08-26T07:15:05.573+00:00][INFO ][node] Kibana process configured with roles: [background_tasks, ui]                                                                                           Aug 26 07:15:10 siemserver kibana[4276]: [2025-08-26T07:15:10.924+00:00][INFO ][plugins-service] The following plugins are disabled: "cloudChat,cloudExperiments,cloudFullStory,dataUsage,profilingDataAccess,profiling,searchHomepage,searc>Aug 26 07:15:10 siemserver kibana[4276]: [2025-08-26T07:15:10.980+00:00][INFO ][http.server.Preboot] http server running at http://0.0.0.0:5601                                                                                              Aug 26 07:15:11 siemserver kibana[4276]: [2025-08-26T07:15:11.081+00:00][INFO ][plugins-system.preboot] Setting up [1] plugins: [interactiveSetup]                                                                                           Aug 26 07:15:11 siemserver kibana[4276]: [2025-08-26T07:15:11.092+00:00][INFO ][preboot] "interactiveSetup" plugin is holding setup: Validating Elasticsearch connection configuration…                                                      Aug 26 07:15:11 siemserver kibana[4276]: [2025-08-26T07:15:11.108+00:00][INFO ][root] Holding setup until preboot stage is completed.                                                                                                                                                                                                                                                                                                                                                     specxy@siemserver:~$ sudo /usr/share/elasticsearch/bin/elasticsearch-create-enrollment-token -s kibana                                                                                                                                       eyJ2ZXIiOiI4LjE0LjAiLCJhZHIiOlsiMTkyLjE2OC4xLjEwMTo5MjAwIl0sImZnciI6IjQ4Zjk1MzFhZDNjZWY0NDg2MTc3ZjY1ZGIxYWQ5NDRjMWZlNzkwZGNmZTc2Njc4MWYxMjMyNWY4ZDNkY2JiYTciLCJrZXkiOiI0a29fNVpnQjhnd2lKN2FHT21qeTpKQTBVeWdoRk9JZjV3XzJ3ckdlLWJnIn0=         specxy@siemserver:~$ sudo /usr/share/kibana/bin/kibana-setup --enrollment-token eyJ2ZXIiOiI4LjE0LjAiLCJhZHIiOlsiMTkyLjE2OC4xLjEwMTo5MjAwIl0sImZnciI6IjQ4Zjk1MzFhZDNjZWY0NDg2MTc3ZjY1ZGIxYWQ5NDRjMWZlNzkwZGNmZTc2Njc4MWYxMjMyNWY4ZDNkY2JiYTciLCJrZXkiOiI0a29fNVpnQjhnd2lKN2FHT21qeTpKQTBVeWdoRk9JZjV3XzJ3ckdlLWJnIn0=                                                                                                                                                                      Native global console methods have been overridden in production environment.                                                                                                                                                                                                                                                                                                                                                                                                             ✔ Kibana configured successfully.                                                                                                                                                                                                                                                                                                                                                                                                                                                         To start Kibana run:                                                                                                                                                                                                                           bin/kibana                                                                                                                                                                                                                                 specxy@siemserver:~$
specxy@siemserver:~$ ip a                                                                                                                                                                                                                    1: lo: <LOOPBACK,UP,LOWER_UP> mtu 65536 qdisc noqueue state UNKNOWN group default qlen 1000                                                                                                                                                      link/loopback 00:00:00:00:00:00 brd 00:00:00:00:00:00                                                                                                                                                                                        inet 127.0.0.1/8 scope host lo                                                                                                                                                                                                                  valid_lft forever preferred_lft forever                                                                                                                                                                                                   inet6 ::1/128 scope host noprefixroute                                                                                                                                                                                                          valid_lft forever preferred_lft forever                                                                                                                                                                                               2: ens33: <BROADCAST,MULTICAST,UP,LOWER_UP> mtu 1500 qdisc fq_codel state UP group default qlen 1000                                                                                                                                             link/ether 00:0c:29:00:ab:1f brd ff:ff:ff:ff:ff:ff                                                                                                                                                                                           altname enp2s1                                                                                                                                                                                                                               inet 192.168.1.101/24 brd 192.168.1.255 scope global ens33                                                                                                                                                                                      valid_lft forever preferred_lft forever                                                                                                                                                                                                   inet6 fe80::20c:29ff:fe00:ab1f/64 scope link                                                                                                                                                                                                    valid_lft forever preferred_lft forever                                                                                                                                                                                               specxy@siemserver:~$ sudo systemctl status kibana.service                                                                                                                                                                                    [sudo] password for specxy:                                                                                                                                                                                                                  ● kibana.service - Kibana                                                                                                                                                                                                                         Loaded: loaded (/usr/lib/systemd/system/kibana.service; enabled; preset: enabled)                                                                                                                                                            Active: active (running) since Tue 2025-08-26 07:15:03 UTC; 19h ago                                                                                                                                                                            Docs: https://www.elastic.co                                                                                                                                                                                                             Main PID: 4276 (node)                                                                                                                                                                                                                           Tasks: 11 (limit: 7564)                                                                                                                                                                                                                     Memory: 1023.9M (peak: 1.2G)                                                                                                                                                                                                                    CPU: 4min 10.931s                                                                                                                                                                                                                         CGroup: /system.slice/kibana.service                                                                                                                                                                                                                 └─4276 /usr/share/kibana/bin/../node/glibc-217/bin/node /usr/share/kibana/bin/../src/cli/dist                                                                                                                                                                                                                                                                                                                                                                                Aug 27 03:07:13 siemserver kibana[4276]: [2025-08-27T03:07:13.853+00:00][INFO ][plugins.fleet.fleet:unenroll-inactive-agents-task:1.0.1] [runTask()] started                                                                                 Aug 27 03:07:13 siemserver kibana[4276]: [2025-08-27T03:07:13.880+00:00][INFO ][plugins.fleet.fleet:unenroll-inactive-agents-task:1.0.1] [UnenrollInactiveAgentsTask] runTask ended: success                                                 Aug 27 03:07:13 siemserver kibana[4276]: [2025-08-27T03:07:13.888+00:00][INFO ][plugins.fleet] Fleet Usage: {"agents_enabled":true,"agents":{"total_enrolled":0,"healthy":0,"unhealthy":0,"offline":0,"inactive":0,"unenrolled":0,"total_all>Aug 27 03:07:16 siemserver kibana[4276]: [2025-08-27T03:07:16.897+00:00][INFO ][plugins.fleet.fleet:delete-unenrolled-agents-task:1.0.0] [runTask()] started                                                                                 Aug 27 03:07:16 siemserver kibana[4276]: [2025-08-27T03:07:16.900+00:00][INFO ][plugins.fleet] Running Fleet Usage telemetry send task                                                                                                       Aug 27 03:07:16 siemserver kibana[4276]: [2025-08-27T03:07:16.926+00:00][INFO ][plugins.fleet.fleet:delete-unenrolled-agents-task:1.0.0] [DeleteUnenrolledAgentsTask] runTask ended: Delete unenrolled agents is disabled                    Aug 27 03:07:17 siemserver kibana[4276]: [2025-08-27T03:07:17.887+00:00][INFO ][status.plugins.taskManager] taskManager plugin is now available: Task Manager is healthy                                                                     Aug 27 03:07:17 siemserver kibana[4276]: [2025-08-27T03:07:17.967+00:00][INFO ][status] Kibana is now available (was degraded)                                                                                                               Aug 27 03:07:18 siemserver kibana[4276]: [2025-08-27T03:07:18.627+00:00][INFO ][plugins.securitySolution.telemetry_events.sender.task.configuration] Updating sender channels configuration                                                  Aug 27 03:07:20 siemserver kibana[4276]: [2025-08-27T03:07:20.023+00:00][INFO ][plugins.securitySolution.endpoint:metadata-check-transforms-task:0.0.1] no endpoint installation found                                                       lines 1-21/21 (END)                                                                                                                                                                                                                          specxy@siemserver:~$ sudo systemctl status elasticsearch.service                                                                                                                                                                             ● elasticsearch.service - Elasticsearch                                                                                                                                                                                                           Loaded: loaded (/usr/lib/systemd/system/elasticsearch.service; enabled; preset: enabled)                                                                                                                                                     Active: active (running) since Tue 2025-08-26 07:14:17 UTC; 19h ago                                                                                                                                                                            Docs: https://www.elastic.co                                                                                                                                                                                                             Main PID: 4061 (java)                                                                                                                                                                                                                           Tasks: 208 (limit: 7564)                                                                                                                                                                                                                    Memory: 3.8G (peak: 3.8G)                                                                                                                                                                                                                       CPU: 11min 42.032s                                                                                                                                                                                                                        CGroup: /system.slice/elasticsearch.service                                                                                                                                                                                                          ├─4061 /usr/share/elasticsearch/jdk/bin/java -Xms4m -Xmx64m -XX:+UseSerialGC -Dcli.name=server -Dcli.script=/usr/share/elasticsearch/bin/elasticsearch -Dcli.libs=lib/tools/server-cli -Des.path.home=/usr/share/elasticsearch >             ├─4131 /usr/share/elasticsearch/jdk/bin/java -Des.networkaddress.cache.ttl=60 -Des.networkaddress.cache.negative.ttl=10 -XX:+AlwaysPreTouch -Xss1m -Djava.awt.headless=true -Dfile.encoding=UTF-8 -Djna.nosys=true -XX:-OmitSta>             └─4163 /usr/share/elasticsearch/modules/x-pack-ml/platform/linux-x86_64/bin/controller                                                                                                                                                                                                                                                                                                                                                                                       Aug 26 07:13:56 siemserver systemd[1]: Starting elasticsearch.service - Elasticsearch...                                                                                                                                                     Aug 26 07:14:17 siemserver systemd[1]: Started elasticsearch.service - Elasticsearch.                                                                                                                                                                                                                                                                                                                                                                                                     specxy@siemserver:~$ sudo /usr/share/elasticsearch/bin/elasticsearch-setup-passwords auto                                                                                                                                                                                                                                                                                                                                                                                                 Failed to authenticate user 'elastic' against https://192.168.1.101:9200/_security/_authenticate?pretty                                                                                                                                      Possible causes include:                                                                                                                                                                                                                      * The password for the 'elastic' user has already been changed on this cluster                                                                                                                                                               * Your elasticsearch node is running against a different keystore                                                                                                                                                                              This tool used the keystore at /etc/elasticsearch/elasticsearch.keystore                                                                                                                                                                                                                                                                                                                                                                                                               You can use the `elasticsearch-reset-password` CLI tool to reset the password of the 'elastic' user                                                                                                                                                                                                                                                                                                                                                                                                                                                                                                                                                                                                                                    ERROR: Failed to verify bootstrap password, with exit code 78                                                                                                                                                                                specxy@siemserver:~$ sudo /usr/share/elasticsearch/bin/elasticsearch-reset-password -u elastic                                                                                                                                               This tool will reset the password of the [elastic] user to an autogenerated value.                                                                                                                                                           The password will be printed in the console.                                                                                                                                                                                                 Please confirm that you would like to continue [y/N]y                                                                                                                                                                                                                                                                                                                                                                                                                                                                                                                                                                                                                                                                                  Password for the [elastic] user successfully reset.                                                                                                                                                                                          New value: +jPPPP5DMRk9H999k*=n                                                                                                                                                                                                              specxy@siemserver:~$
                                                                                                                                                                                                             